Archive member included because of file (symbol)

/home/rebble/.pebble-sdk/SDKs/current/sdk-core/pebble/basalt/lib/libpebble.a(tmpFRPTsFpebble.o)
                              src/c/Electric.c.9.o (app_event_loop)

Discarded input sections

 .text          0x0000000000000000        0x0 /home/rebble/pebble-dev/pebble-sdk-4.6-rc2-linux64/arm-cs-tools/bin/../lib/gcc/arm-none-eabi/4.7.2/thumb2/crti.o
 .bss           0x0000000000000000        0x0 /home/rebble/pebble-dev/pebble-sdk-4.6-rc2-linux64/arm-cs-tools/bin/../lib/gcc/arm-none-eabi/4.7.2/thumb2/crti.o
 .init          0x0000000000000000        0x4 /home/rebble/pebble-dev/pebble-sdk-4.6-rc2-linux64/arm-cs-tools/bin/../lib/gcc/arm-none-eabi/4.7.2/thumb2/crti.o
 .fini          0x0000000000000000        0x4 /home/rebble/pebble-dev/pebble-sdk-4.6-rc2-linux64/arm-cs-tools/bin/../lib/gcc/arm-none-eabi/4.7.2/thumb2/crti.o
 .text          0x0000000000000000       0xc8 /home/rebble/pebble-dev/pebble-sdk-4.6-rc2-linux64/arm-cs-tools/bin/../lib/gcc/arm-none-eabi/4.7.2/thumb2/crtbegin.o
 .bss           0x0000000000000000       0x1c /home/rebble/pebble-dev/pebble-sdk-4.6-rc2-linux64/arm-cs-tools/bin/../lib/gcc/arm-none-eabi/4.7.2/thumb2/crtbegin.o
 .init_array    0x0000000000000000        0x4 /home/rebble/pebble-dev/pebble-sdk-4.6-rc2-linux64/arm-cs-tools/bin/../lib/gcc/arm-none-eabi/4.7.2/thumb2/crtbegin.o
 .fini_array    0x0000000000000000        0x4 /home/rebble/pebble-dev/pebble-sdk-4.6-rc2-linux64/arm-cs-tools/bin/../lib/gcc/arm-none-eabi/4.7.2/thumb2/crtbegin.o
 .eh_frame      0x0000000000000000        0x0 /home/rebble/pebble-dev/pebble-sdk-4.6-rc2-linux64/arm-cs-tools/bin/../lib/gcc/arm-none-eabi/4.7.2/thumb2/crtbegin.o
 .jcr           0x0000000000000000        0x0 /home/rebble/pebble-dev/pebble-sdk-4.6-rc2-linux64/arm-cs-tools/bin/../lib/gcc/arm-none-eabi/4.7.2/thumb2/crtbegin.o
 .tm_clone_table
                0x0000000000000000        0x0 /home/rebble/pebble-dev/pebble-sdk-4.6-rc2-linux64/arm-cs-tools/bin/../lib/gcc/arm-none-eabi/4.7.2/thumb2/crtbegin.o
 .text          0x0000000000000000        0x0 src/c/Electric.c.9.o
 .bss           0x0000000000000000        0x0 src/c/Electric.c.9.o
 .text          0x0000000000000000        0x0 basalt/appinfo.auto.c.9.o
 .bss           0x0000000000000000        0x0 basalt/appinfo.auto.c.9.o
 .text          0x0000000000000000        0x0 basalt/src/resource_ids.auto.c.9.o
 .bss           0x0000000000000000        0x0 basalt/src/resource_ids.auto.c.9.o
 .data.RESOURCE_ID_FONT_PIXEL_LCD_40
                0x0000000000000000        0x4 basalt/src/resource_ids.auto.c.9.o
 .data.RESOURCE_ID_BG_IMAGE
                0x0000000000000000        0x4 basalt/src/resource_ids.auto.c.9.o
 .data.RESOURCE_ID_FONT_SMALL_LCD_8
                0x0000000000000000        0x4 basalt/src/resource_ids.auto.c.9.o
 .data.RESOURCE_ID_FONT_LEDMATRIX_6
                0x0000000000000000        0x4 basalt/src/resource_ids.auto.c.9.o
 .text          0x0000000000000000        0x0 src/message_keys.auto.c.9.o
 .bss           0x0000000000000000        0x0 src/message_keys.auto.c.9.o
 .data.MESSAGE_KEY_dummy
                0x0000000000000000        0x4 src/message_keys.auto.c.9.o
 .bss           0x0000000000000000        0x0 /home/rebble/.pebble-sdk/SDKs/current/sdk-core/pebble/basalt/lib/libpebble.a(tmpFRPTsFpebble.o)
 .text.accel_data_service_subscribe__deprecated
                0x0000000000000000        0xc /home/rebble/.pebble-sdk/SDKs/current/sdk-core/pebble/basalt/lib/libpebble.a(tmpFRPTsFpebble.o)
 .text.accel_data_service_unsubscribe
                0x0000000000000000        0xc /home/rebble/.pebble-sdk/SDKs/current/sdk-core/pebble/basalt/lib/libpebble.a(tmpFRPTsFpebble.o)
 .text.accel_service_peek
                0x0000000000000000        0xc /home/rebble/.pebble-sdk/SDKs/current/sdk-core/pebble/basalt/lib/libpebble.a(tmpFRPTsFpebble.o)
 .text.accel_service_set_samples_per_update
                0x0000000000000000        0xc /home/rebble/.pebble-sdk/SDKs/current/sdk-core/pebble/basalt/lib/libpebble.a(tmpFRPTsFpebble.o)
 .text.accel_service_set_sampling_rate
                0x0000000000000000        0xc /home/rebble/.pebble-sdk/SDKs/current/sdk-core/pebble/basalt/lib/libpebble.a(tmpFRPTsFpebble.o)
 .text.accel_tap_service_subscribe
                0x0000000000000000        0xc /home/rebble/.pebble-sdk/SDKs/current/sdk-core/pebble/basalt/lib/libpebble.a(tmpFRPTsFpebble.o)
 .text.accel_tap_service_unsubscribe
                0x0000000000000000        0xc /home/rebble/.pebble-sdk/SDKs/current/sdk-core/pebble/basalt/lib/libpebble.a(tmpFRPTsFpebble.o)
 .text.action_bar_layer_legacy2_add_to_window
                0x0000000000000000        0xc /home/rebble/.pebble-sdk/SDKs/current/sdk-core/pebble/basalt/lib/libpebble.a(tmpFRPTsFpebble.o)
 .text.action_bar_layer_legacy2_clear_icon
                0x0000000000000000        0xc /home/rebble/.pebble-sdk/SDKs/current/sdk-core/pebble/basalt/lib/libpebble.a(tmpFRPTsFpebble.o)
 .text.action_bar_layer_legacy2_create
[...]
Memory Configuration

Name             Origin             Length             Attributes
APP              0x0000000000000000 0x0000000000010000 xrw
*default*        0x0000000000000000 0xffffffffffffffff

Linker script and memory map

LOAD /home/rebble/pebble-dev/pebble-sdk-4.6-rc2-linux64/arm-cs-tools/bin/../lib/gcc/arm-none-eabi/4.7.2/thumb2/crti.o
LOAD /home/rebble/pebble-dev/pebble-sdk-4.6-rc2-linux64/arm-cs-tools/bin/../lib/gcc/arm-none-eabi/4.7.2/thumb2/crtbegin.o
LOAD src/c/Electric.c.9.o
LOAD basalt/appinfo.auto.c.9.o
LOAD basalt/src/resource_ids.auto.c.9.o
LOAD src/message_keys.auto.c.9.o
LOAD /home/rebble/.pebble-sdk/SDKs/current/sdk-core/pebble/basalt/lib/libpebble.a
START GROUP
LOAD /home/rebble/pebble-dev/pebble-sdk-4.6-rc2-linux64/arm-cs-tools/bin/../lib/gcc/arm-none-eabi/4.7.2/thumb2/libgcc.a
LOAD /home/rebble/pebble-dev/pebble-sdk-4.6-rc2-linux64/arm-cs-tools/bin/../lib/gcc/arm-none-eabi/4.7.2/../../../../arm-none-eabi/lib/thumb2/libc.a
END GROUP
LOAD /home/rebble/pebble-dev/pebble-sdk-4.6-rc2-linux64/arm-cs-tools/bin/../lib/gcc/arm-none-eabi/4.7.2/thumb2/crtend.o
LOAD /home/rebble/pebble-dev/pebble-sdk-4.6-rc2-linux64/arm-cs-tools/bin/../lib/gcc/arm-none-eabi/4.7.2/thumb2/crtn.o

.header         0x0000000000000000       0x82
 *(.pbl_header)
 .pbl_header    0x0000000000000000       0x82 basalt/appinfo.auto.c.9.o
                0x0000000000000000                __pbl_app_info

.note.gnu.build-id
                0x0000000000000082       0x26
                0x0000000000000082                PROVIDE (BUILD_ID, .)
 *(.note.gnu.build-id)
 *fill*         0x0000000000000082        0x2 
 .note.gnu.build-id
                0x0000000000000084       0x24 linker stubs

.text           0x00000000000000a8      0x5dd
 *(.text)
 .text          0x00000000000000a8       0x14 /home/rebble/.pebble-sdk/SDKs/current/sdk-core/pebble/basalt/lib/libpebble.a(tmpFRPTsFpebble.o)
 *(.text.*)
 .text.update_time
                0x00000000000000bc       0x7c src/c/Electric.c.9.o
 .text.tick_handler
                0x0000000000000138        0x4 src/c/Electric.c.9.o
 .text.main_window_unload
                0x000000000000013c       0x5c src/c/Electric.c.9.o
 .text.main_window_load
                0x0000000000000198      0x288 src/c/Electric.c.9.o
 .text.startup.main
                0x0000000000000420       0x6c src/c/Electric.c.9.o
                0x0000000000000420                main
 .text.app_event_loop
                0x000000000000048c        0xc /home/rebble/.pebble-sdk/SDKs/current/sdk-core/pebble/basalt/lib/libpebble.a(tmpFRPTsFpebble.o)
                0x000000000000048c                app_event_loop
 .text.bitmap_layer_create
                0x0000000000000498        0xc /home/rebble/.pebble-sdk/SDKs/current/sdk-core/pebble/basalt/lib/libpebble.a(tmpFRPTsFpebble.o)
                0x0000000000000498                bitmap_layer_create
 .text.bitmap_layer_destroy
                0x00000000000004a4        0xc /home/rebble/.pebble-sdk/SDKs/current/sdk-core/pebble/basalt/lib/libpebble.a(tmpFRPTsFpebble.o)
                0x00000000000004a4                bitmap_layer_destroy
 .text.bitmap_layer_get_layer
                0x00000000000004b0        0xc /home/rebble/.pebble-sdk/SDKs/current/sdk-core/pebble/basalt/lib/libpebble.a(tmpFRPTsFpebble.o)
                0x00000000000004b0                bitmap_layer_get_layer
 .text.bitmap_layer_set_bitmap
                0x00000000000004bc        0xc /home/rebble/.pebble-sdk/SDKs/current/sdk-core/pebble/basalt/lib/libpebble.a(tmpFRPTsFpebble.o)
                0x00000000000004bc                bitmap_layer_set_bitmap
 .text.bitmap_layer_set_compositing_mode
                0x00000000000004c8        0xc /home/rebble/.pebble-sdk/SDKs/current/sdk-core/pebble/basalt/lib/libpebble.a(tmpFRPTsFpebble.o)
                0x00000000000004c8                bitmap_layer_set_compositing_mode
 .text.clock_is_24h_style
                0x00000000000004d4        0xc /home/rebble/.pebble-sdk/SDKs/current/sdk-core/pebble/basalt/lib/libpebble.a(tmpFRPTsFpebble.o)
                0x00000000000004d4                clock_is_24h_style
 .text.fonts_load_custom_font
                0x00000000000004e0        0xc /home/rebble/.pebble-sdk/SDKs/current/sdk-core/pebble/basalt/lib/libpebble.a(tmpFRPTsFpebble.o)
                0x00000000000004e0                fonts_load_custom_font
 .text.fonts_unload_custom_font
                0x00000000000004ec        0xc /home/rebble/.pebble-sdk/SDKs/current/sdk-core/pebble/basalt/lib/libpebble.a(tmpFRPTsFpebble.o)
                0x00000000000004ec                fonts_unload_custom_font
 .text.gbitmap_create_with_resource
                0x00000000000004f8        0xc /home/rebble/.pebble-sdk/SDKs/current/sdk-core/pebble/basalt/lib/libpebble.a(tmpFRPTsFpebble.o)
                0x00000000000004f8                gbitmap_create_with_resource
 .text.gbitmap_destroy
                0x0000000000000504        0xc /home/rebble/.pebble-sdk/SDKs/current/sdk-core/pebble/basalt/lib/libpebble.a(tmpFRPTsFpebble.o)
                0x0000000000000504                gbitmap_destroy
 .text.layer_add_child
                0x0000000000000510        0xc /home/rebble/.pebble-sdk/SDKs/current/sdk-core/pebble/basalt/lib/libpebble.a(tmpFRPTsFpebble.o)
                0x0000000000000510                layer_add_child
 .text.layer_get_bounds
                0x000000000000051c        0xc /home/rebble/.pebble-sdk/SDKs/current/sdk-core/pebble/basalt/lib/libpebble.a(tmpFRPTsFpebble.o)
                0x000000000000051c                layer_get_bounds
 .text.memset   0x0000000000000528        0xc /home/rebble/.pebble-sdk/SDKs/current/sdk-core/pebble/basalt/lib/libpebble.a(tmpFRPTsFpebble.o)
                0x0000000000000528                memset
 .text.resource_get_handle
                0x0000000000000534        0xc /home/rebble/.pebble-sdk/SDKs/current/sdk-core/pebble/basalt/lib/libpebble.a(tmpFRPTsFpebble.o)
                0x0000000000000534                resource_get_handle
 .text.strcat   0x0000000000000540        0xc /home/rebble/.pebble-sdk/SDKs/current/sdk-core/pebble/basalt/lib/libpebble.a(tmpFRPTsFpebble.o)
                0x0000000000000540                strcat
 .text.strftime
                0x000000000000054c        0xc /home/rebble/.pebble-sdk/SDKs/current/sdk-core/pebble/basalt/lib/libpebble.a(tmpFRPTsFpebble.o)
                0x000000000000054c                strftime
 .text.tick_timer_service_subscribe
                0x0000000000000558        0xc /home/rebble/.pebble-sdk/SDKs/current/sdk-core/pebble/basalt/lib/libpebble.a(tmpFRPTsFpebble.o)
                0x0000000000000558                tick_timer_service_subscribe
 .text.window_create
                0x0000000000000564        0xc /home/rebble/.pebble-sdk/SDKs/current/sdk-core/pebble/basalt/lib/libpebble.a(tmpFRPTsFpebble.o)
                0x0000000000000564                window_create
 .text.window_destroy
                0x0000000000000570        0xc /home/rebble/.pebble-sdk/SDKs/current/sdk-core/pebble/basalt/lib/libpebble.a(tmpFRPTsFpebble.o)
                0x0000000000000570                window_destroy
 .text.window_get_root_layer
                0x000000000000057c        0xc /home/rebble/.pebble-sdk/SDKs/current/sdk-core/pebble/basalt/lib/libpebble.a(tmpFRPTsFpebble.o)
                0x000000000000057c                window_get_root_layer
 .text.window_set_window_handlers
                0x0000000000000588        0xc /home/rebble/.pebble-sdk/SDKs/current/sdk-core/pebble/basalt/lib/libpebble.a(tmpFRPTsFpebble.o)
                0x0000000000000588                window_set_window_handlers
 .text.window_stack_push
                0x0000000000000594        0xc /home/rebble/.pebble-sdk/SDKs/current/sdk-core/pebble/basalt/lib/libpebble.a(tmpFRPTsFpebble.o)
                0x0000000000000594                window_stack_push
 .text.localtime
                0x00000000000005a0        0xc /home/rebble/.pebble-sdk/SDKs/current/sdk-core/pebble/basalt/lib/libpebble.a(tmpFRPTsFpebble.o)
                0x00000000000005a0                localtime
 .text.text_layer_create
                0x00000000000005ac        0xc /home/rebble/.pebble-sdk/SDKs/current/sdk-core/pebble/basalt/lib/libpebble.a(tmpFRPTsFpebble.o)
                0x00000000000005ac                text_layer_create
 .text.text_layer_destroy
                0x00000000000005b8        0xc /home/rebble/.pebble-sdk/SDKs/current/sdk-core/pebble/basalt/lib/libpebble.a(tmpFRPTsFpebble.o)
                0x00000000000005b8                text_layer_destroy
 .text.text_layer_get_layer
                0x00000000000005c4        0xc /home/rebble/.pebble-sdk/SDKs/current/sdk-core/pebble/basalt/lib/libpebble.a(tmpFRPTsFpebble.o)
                0x00000000000005c4                text_layer_get_layer
 .text.text_layer_set_background_color
                0x00000000000005d0        0xc /home/rebble/.pebble-sdk/SDKs/current/sdk-core/pebble/basalt/lib/libpebble.a(tmpFRPTsFpebble.o)
                0x00000000000005d0                text_layer_set_background_color
 .text.text_layer_set_font
                0x00000000000005dc        0xc /home/rebble/.pebble-sdk/SDKs/current/sdk-core/pebble/basalt/lib/libpebble.a(tmpFRPTsFpebble.o)
                0x00000000000005dc                text_layer_set_font
 .text.text_layer_set_overflow_mode
                0x00000000000005e8        0xc /home/rebble/.pebble-sdk/SDKs/current/sdk-core/pebble/basalt/lib/libpebble.a(tmpFRPTsFpebble.o)
                0x00000000000005e8                text_layer_set_overflow_mode
 .text.text_layer_set_text
                0x00000000000005f4        0xc /home/rebble/.pebble-sdk/SDKs/current/sdk-core/pebble/basalt/lib/libpebble.a(tmpFRPTsFpebble.o)
                0x00000000000005f4                text_layer_set_text
 .text.text_layer_set_text_alignment
                0x0000000000000600        0xc /home/rebble/.pebble-sdk/SDKs/current/sdk-core/pebble/basalt/lib/libpebble.a(tmpFRPTsFpebble.o)
                0x0000000000000600                text_layer_set_text_alignment
 .text.text_layer_set_text_color
                0x000000000000060c        0xc /home/rebble/.pebble-sdk/SDKs/current/sdk-core/pebble/basalt/lib/libpebble.a(tmpFRPTsFpebble.o)
                0x000000000000060c                text_layer_set_text_color
 .text.time     0x0000000000000618        0xc /home/rebble/.pebble-sdk/SDKs/current/sdk-core/pebble/basalt/lib/libpebble.a(tmpFRPTsFpebble.o)
                0x0000000000000618                time
 *(.rodata)
 .rodata        0x0000000000000624       0x18 src/c/Electric.c.9.o
 *(.rodata*)
 .rodata.str1.1
                0x000000000000063c       0x49 src/c/Electric.c.9.o
                                         0x4b (size before relaxing)

.glue_7         0x0000000000000688        0x0
 .glue_7        0x0000000000000000        0x0 linker stubs

.glue_7t        0x0000000000000688        0x0
 .glue_7t       0x0000000000000000        0x0 linker stubs

.vfp11_veneer   0x0000000000000688        0x0
 .vfp11_veneer  0x0000000000000000        0x0 linker stubs

.v4_bx          0x0000000000000688        0x0
 .v4_bx         0x0000000000000000        0x0 linker stubs

.iplt           0x0000000000000688        0x0
 .iplt          0x0000000000000000        0x0 /home/rebble/pebble-dev/pebble-sdk-4.6-rc2-linux64/arm-cs-tools/bin/../lib/gcc/arm-none-eabi/4.7.2/thumb2/crtbegin.o

.rel.dyn        0x0000000000000688        0x0
 .rel.iplt      0x0000000000000000        0x0 /home/rebble/pebble-dev/pebble-sdk-4.6-rc2-linux64/arm-cs-tools/bin/../lib/gcc/arm-none-eabi/4.7.2/thumb2/crtbegin.o

.data           0x0000000000000688        0x4
 *(.data)
 .data          0x0000000000000688        0x0 /home/rebble/pebble-dev/pebble-sdk-4.6-rc2-linux64/arm-cs-tools/bin/../lib/gcc/arm-none-eabi/4.7.2/thumb2/crti.o
 .data          0x0000000000000688        0x4 /home/rebble/pebble-dev/pebble-sdk-4.6-rc2-linux64/arm-cs-tools/bin/../lib/gcc/arm-none-eabi/4.7.2/thumb2/crtbegin.o
                0x0000000000000688                __dso_handle
 .data          0x000000000000068c        0x0 src/c/Electric.c.9.o
 .data          0x000000000000068c        0x0 basalt/appinfo.auto.c.9.o
 .data          0x000000000000068c        0x0 basalt/src/resource_ids.auto.c.9.o
 .data          0x000000000000068c        0x0 src/message_keys.auto.c.9.o
 .data          0x000000000000068c        0x0 /home/rebble/.pebble-sdk/SDKs/current/sdk-core/pebble/basalt/lib/libpebble.a(tmpFRPTsFpebble.o)
 .data          0x000000000000068c        0x0 /home/rebble/pebble-dev/pebble-sdk-4.6-rc2-linux64/arm-cs-tools/bin/../lib/gcc/arm-none-eabi/4.7.2/thumb2/crtend.o
 .data          0x000000000000068c        0x0 /home/rebble/pebble-dev/pebble-sdk-4.6-rc2-linux64/arm-cs-tools/bin/../lib/gcc/arm-none-eabi/4.7.2/thumb2/crtn.o
 *(.data.*)

.igot.plt       0x000000000000068c        0x0
 .igot.plt      0x0000000000000000        0x0 /home/rebble/pebble-dev/pebble-sdk-4.6-rc2-linux64/arm-cs-tools/bin/../lib/gcc/arm-none-eabi/4.7.2/thumb2/crtbegin.o

.bss            0x000000000000068c       0x88
 *(.bss)
 *(.bss.*)
 .bss.s_bitmap  0x000000000000068c        0x4 src/c/Electric.c.9.o
 .bss.s_main_window
                0x0000000000000690        0x4 src/c/Electric.c.9.o
 .bss.s_buffer.7543
                0x0000000000000694        0x8 src/c/Electric.c.9.o
 .bss.s_matrix_buffer.7538
                0x000000000000069c       0x4b src/c/Electric.c.9.o
 .bss.s_date_buffer.7544
                0x00000000000006e7       0x10 src/c/Electric.c.9.o
 *fill*         0x00000000000006f7        0x1 
 .bss.s_time_layer
                0x00000000000006f8        0x4 src/c/Electric.c.9.o
 .bss.s_lcd_font
                0x00000000000006fc        0x4 src/c/Electric.c.9.o
 .bss.s_bitmap_layer
                0x0000000000000700        0x4 src/c/Electric.c.9.o
 .bss.s_matrix_font
                0x0000000000000704        0x4 src/c/Electric.c.9.o
 .bss.s_lcd_layer
                0x0000000000000708        0x4 src/c/Electric.c.9.o
 .bss.s_matrix_layer
                0x000000000000070c        0x4 src/c/Electric.c.9.o
 .bss.s_time_font
                0x0000000000000710        0x4 src/c/Electric.c.9.o

DISCARD
 libc.a(*)
 libm.a(*)
 libgcc.a(*)
 *(.eh_frame)
OUTPUT(/home/rebble/Documents/Electric/Electric/build/basalt/pebble-app.elf elf32-littlearm)

.ARM.attributes
                0x0000000000000000       0x27
 .ARM.attributes
                0x0000000000000000       0x19 /home/rebble/pebble-dev/pebble-sdk-4.6-rc2-linux64/arm-cs-tools/bin/../lib/gcc/arm-none-eabi/4.7.2/thumb2/crti.o
 .ARM.attributes
                0x0000000000000019       0x29 /home/rebble/pebble-dev/pebble-sdk-4.6-rc2-linux64/arm-cs-tools/bin/../lib/gcc/arm-none-eabi/4.7.2/thumb2/crtbegin.o
 .ARM.attributes
                0x0000000000000042       0x33 src/c/Electric.c.9.o
 .ARM.attributes
                0x0000000000000075       0x33 basalt/appinfo.auto.c.9.o
 .ARM.attributes
                0x00000000000000a8       0x33 basalt/src/resource_ids.auto.c.9.o
 .ARM.attributes
                0x00000000000000db       0x33 src/message_keys.auto.c.9.o
 .ARM.attributes
                0x000000000000010e       0x21 /home/rebble/.pebble-sdk/SDKs/current/sdk-core/pebble/basalt/lib/libpebble.a(tmpFRPTsFpebble.o)
 .ARM.attributes
                0x000000000000012f       0x29 /home/rebble/pebble-dev/pebble-sdk-4.6-rc2-linux64/arm-cs-tools/bin/../lib/gcc/arm-none-eabi/4.7.2/thumb2/crtend.o
 .ARM.attributes
                0x0000000000000158       0x19 /home/rebble/pebble-dev/pebble-sdk-4.6-rc2-linux64/arm-cs-tools/bin/../lib/gcc/arm-none-eabi/4.7.2/thumb2/crtn.o

.comment        0x0000000000000000       0x4e
 .comment       0x0000000000000000       0x4e /home/rebble/pebble-dev/pebble-sdk-4.6-rc2-linux64/arm-cs-tools/bin/../lib/gcc/arm-none-eabi/4.7.2/thumb2/crtbegin.o
                                         0x4f (size before relaxing)
 .comment       0x0000000000000000       0x4f src/c/Electric.c.9.o
 .comment       0x0000000000000000       0x4f basalt/appinfo.auto.c.9.o
 .comment       0x0000000000000000       0x4f basalt/src/resource_ids.auto.c.9.o
 .comment       0x0000000000000000       0x4f src/message_keys.auto.c.9.o
 .comment       0x0000000000000000       0x4f /home/rebble/pebble-dev/pebble-sdk-4.6-rc2-linux64/arm-cs-tools/bin/../lib/gcc/arm-none-eabi/4.7.2/thumb2/crtend.o

.debug_info     0x0000000000000000     0x14f0
 .debug_info    0x0000000000000000     0x106f src/c/Electric.c.9.o
 .debug_info    0x000000000000106f      0x349 basalt/appinfo.auto.c.9.o
 .debug_info    0x00000000000013b8       0xb7 basalt/src/resource_ids.auto.c.9.o
 .debug_info    0x000000000000146f       0x81 src/message_keys.auto.c.9.o

.debug_abbrev   0x0000000000000000      0x406
 .debug_abbrev  0x0000000000000000      0x2e0 src/c/Electric.c.9.o
 .debug_abbrev  0x00000000000002e0       0x9e basalt/appinfo.auto.c.9.o
 .debug_abbrev  0x000000000000037e       0x44 basalt/src/resource_ids.auto.c.9.o
 .debug_abbrev  0x00000000000003c2       0x44 src/message_keys.auto.c.9.o

.debug_loc      0x0000000000000000      0x164
 .debug_loc     0x0000000000000000      0x164 src/c/Electric.c.9.o

.debug_aranges  0x0000000000000000       0x88
 .debug_aranges
                0x0000000000000000       0x40 src/c/Electric.c.9.o
 .debug_aranges
                0x0000000000000040       0x18 basalt/appinfo.auto.c.9.o
 .debug_aranges
                0x0000000000000058       0x18 basalt/src/resource_ids.auto.c.9.o
 .debug_aranges
                0x0000000000000070       0x18 src/message_keys.auto.c.9.o

.debug_ranges   0x0000000000000000       0x60
 .debug_ranges  0x0000000000000000       0x60 src/c/Electric.c.9.o

.debug_line     0x0000000000000000      0x5d0
 .debug_line    0x0000000000000000      0x312 src/c/Electric.c.9.o
 .debug_line    0x0000000000000312      0x125 basalt/appinfo.auto.c.9.o
 .debug_line    0x0000000000000437       0xd0 basalt/src/resource_ids.auto.c.9.o
 .debug_line    0x0000000000000507       0xc9 src/message_keys.auto.c.9.o

.debug_str      0x0000000000000000      0xab1
 .debug_str     0x0000000000000000      0x6f9 src/c/Electric.c.9.o
                                        0x770 (size before relaxing)
 .debug_str     0x00000000000006f9      0x302 basalt/appinfo.auto.c.9.o
                                        0x3e0 (size before relaxing)
 .debug_str     0x00000000000009fb       0x8c basalt/src/resource_ids.auto.c.9.o
                                        0x154 (size before relaxing)
 .debug_str     0x0000000000000a87       0x2a src/message_keys.auto.c.9.o
                                         0xf2 (size before relaxing)

.debug_frame    0x0000000000000000       0xa0
 .debug_frame   0x0000000000000000       0xa0 src/c/Electric.c.9.o
