Archive member included because of file (symbol)

/home/rebble/.pebble-sdk/SDKs/current/sdk-core/pebble/basalt/lib/libpebble.a(tmpFRPTsFpebble.o)
                              src/c/Electric.c.9.o (app_event_loop)
/home/rebble/pebble-dev/pebble-sdk-4.6-rc2-linux64/arm-cs-tools/bin/../lib/gcc/arm-none-eabi/4.7.2/../../../../arm-none-eabi/lib/thumb2/libc.a(lib_a-strchr.o)
                              src/c/Electric.c.9.o (strchr)

Discarded input sections

 .text          0x0000000000000000        0x0 /home/rebble/pebble-dev/pebble-sdk-4.6-rc2-linux64/arm-cs-tools/bin/../lib/gcc/arm-none-eabi/4.7.2/thumb2/crti.o
 .bss           0x0000000000000000        0x0 /home/rebble/pebble-dev/pebble-sdk-4.6-rc2-linux64/arm-cs-tools/bin/../lib/gcc/arm-none-eabi/4.7.2/thumb2/crti.o
 .init          0x0000000000000000        0x4 /home/rebble/pebble-dev/pebble-sdk-4.6-rc2-linux64/arm-cs-tools/bin/../lib/gcc/arm-none-eabi/4.7.2/thumb2/crti.o
 .fini          0x0000000000000000        0x4 /home/rebble/pebble-dev/pebble-sdk-4.6-rc2-linux64/arm-cs-tools/bin/../lib/gcc/arm-none-eabi/4.7.2/thumb2/crti.o
 .text          0x0000000000000000       0xc8 /home/rebble/pebble-dev/pebble-sdk-4.6-rc2-linux64/arm-cs-tools/bin/../lib/gcc/arm-none-eabi/4.7.2/thumb2/crtbegin.o
 .bss           0x0000000000000000       0x1c /home/rebble/pebble-dev/pebble-sdk-4.6-rc2-linux64/arm-cs-tools/bin/../lib/gcc/arm-none-eabi/4.7.2/thumb2/crtbegin.o
 .init_array    0x0000000000000000        0x4 /home/rebble/pebble-dev/pebble-sdk-4.6-rc2-linux64/arm-cs-tools/bin/../lib/gcc/arm-none-eabi/4.7.2/thumb2/crtbegin.o
 .fini_array    0x0000000000000000        0x4 /home/rebble/pebble-dev/pebble-sdk-4.6-rc2-linux64/arm-cs-tools/bin/../lib/gcc/arm-none-eabi/4.7.2/thumb2/crtbegin.o
 .eh_frame      0x0000000000000000        0x0 /home/rebble/pebble-dev/pebble-sdk-4.6-rc2-linux64/arm-cs-tools/bin/../lib/gcc/arm-none-eabi/4.7.2/thumb2/crtbegin.o
 .jcr           0x0000000000000000        0x0 /home/rebble/pebble-dev/pebble-sdk-4.6-rc2-linux64/arm-cs-tools/bin/../lib/gcc/arm-none-eabi/4.7.2/thumb2/crtbegin.o
 .tm_clone_table
                0x0000000000000000        0x0 /home/rebble/pebble-dev/pebble-sdk-4.6-rc2-linux64/arm-cs-tools/bin/../lib/gcc/arm-none-eabi/4.7.2/thumb2/crtbegin.o
 .text          0x0000000000000000        0x0 src/c/Electric.c.9.o
 .bss           0x0000000000000000        0x0 src/c/Electric.c.9.o
 .text          0x0000000000000000        0x0 basalt/appinfo.auto.c.9.o
 .bss           0x0000000000000000        0x0 basalt/appinfo.auto.c.9.o
 .text          0x0000000000000000        0x0 basalt/src/resource_ids.auto.c.9.o
 .bss           0x0000000000000000        0x0 basalt/src/resource_ids.auto.c.9.o
 .data.RESOURCE_ID_FONT_PIXEL_LCD_40
                0x0000000000000000        0x4 basalt/src/resource_ids.auto.c.9.o
 .data.RESOURCE_ID_BG_IMAGE
                0x0000000000000000        0x4 basalt/src/resource_ids.auto.c.9.o
 .data.RESOURCE_ID_FONT_SMALL_LCD_8
                0x0000000000000000        0x4 basalt/src/resource_ids.auto.c.9.o
 .data.RESOURCE_ID_FONT_LEDMATRIX_6
                0x0000000000000000        0x4 basalt/src/resource_ids.auto.c.9.o
 .text          0x0000000000000000        0x0 src/message_keys.auto.c.9.o
 .bss           0x0000000000000000        0x0 src/message_keys.auto.c.9.o
 .data.MESSAGE_KEY_useFahrenheit
                0x0000000000000000        0x4 src/message_keys.auto.c.9.o
 .data.MESSAGE_KEY_apiKey
                0x0000000000000000        0x4 src/message_keys.auto.c.9.o
 .bss           0x0000000000000000        0x0 /home/rebble/.pebble-sdk/SDKs/current/sdk-core/pebble/basalt/lib/libpebble.a(tmpFRPTsFpebble.o)
 .text.accel_data_service_subscribe__deprecated
                0x0000000000000000        0xc /home/rebble/.pebble-sdk/SDKs/current/sdk-core/pebble/basalt/lib/libpebble.a(tmpFRPTsFpebble.o)
 .text.accel_data_service_unsubscribe
                0x0000000000000000        0xc /home/rebble/.pebble-sdk/SDKs/current/sdk-core/pebble/basalt/lib/libpebble.a(tmpFRPTsFpebble.o)
 .text.accel_service_peek
                0x0000000000000000        0xc /home/rebble/.pebble-sdk/SDKs/current/sdk-core/pebble/basalt/lib/libpebble.a(tmpFRPTsFpebble.o)
 .text.accel_service_set_samples_per_update
                0x0000000000000000        0xc /home/rebble/.pebble-sdk/SDKs/current/sdk-core/pebble/basalt/lib/libpebble.a(tmpFRPTsFpebble.o)
 .text.accel_service_set_sampling_rate
                0x0000000000000000        0xc /home/rebble/.pebble-sdk/SDKs/current/sdk-core/pebble/basalt/lib/libpebble.a(tmpFRPTsFpebble.o)
 .text.accel_tap_service_subscribe
                0x0000000000000000        0xc /home/rebble/.pebble-sdk/SDKs/current/sdk-core/pebble/basalt/lib/libpebble.a(tmpFRPTsFpebble.o)
 .text.accel_tap_service_unsubscribe
                0x0000000000000000        0xc /home/rebble/.pebble-sdk/SDKs/current/sdk-core/pebble/basalt/lib/libpebble.a(tmpFRPTsFpebble.o)
 .text.action_bar_layer_legacy2_add_to_window
[...]
Memory Configuration

Name             Origin             Length             Attributes
APP              0x0000000000000000 0x0000000000010000 xrw
*default*        0x0000000000000000 0xffffffffffffffff

Linker script and memory map

LOAD /home/rebble/pebble-dev/pebble-sdk-4.6-rc2-linux64/arm-cs-tools/bin/../lib/gcc/arm-none-eabi/4.7.2/thumb2/crti.o
LOAD /home/rebble/pebble-dev/pebble-sdk-4.6-rc2-linux64/arm-cs-tools/bin/../lib/gcc/arm-none-eabi/4.7.2/thumb2/crtbegin.o
LOAD src/c/Electric.c.9.o
LOAD basalt/appinfo.auto.c.9.o
LOAD basalt/src/resource_ids.auto.c.9.o
LOAD src/message_keys.auto.c.9.o
LOAD /home/rebble/.pebble-sdk/SDKs/current/sdk-core/pebble/basalt/lib/libpebble.a
LOAD /home/rebble/Documents/Electric/Electric/node_modules/pebble-clay/dist/binaries/basalt/libpebble-clay.a
START GROUP
LOAD /home/rebble/pebble-dev/pebble-sdk-4.6-rc2-linux64/arm-cs-tools/bin/../lib/gcc/arm-none-eabi/4.7.2/thumb2/libgcc.a
LOAD /home/rebble/pebble-dev/pebble-sdk-4.6-rc2-linux64/arm-cs-tools/bin/../lib/gcc/arm-none-eabi/4.7.2/../../../../arm-none-eabi/lib/thumb2/libc.a
END GROUP
LOAD /home/rebble/pebble-dev/pebble-sdk-4.6-rc2-linux64/arm-cs-tools/bin/../lib/gcc/arm-none-eabi/4.7.2/thumb2/crtend.o
LOAD /home/rebble/pebble-dev/pebble-sdk-4.6-rc2-linux64/arm-cs-tools/bin/../lib/gcc/arm-none-eabi/4.7.2/thumb2/crtn.o

.header         0x0000000000000000       0x82
 *(.pbl_header)
 .pbl_header    0x0000000000000000       0x82 basalt/appinfo.auto.c.9.o
                0x0000000000000000                __pbl_app_info

.note.gnu.build-id
                0x0000000000000082       0x26
                0x0000000000000082                PROVIDE (BUILD_ID, .)
 *(.note.gnu.build-id)
 *fill*         0x0000000000000082        0x2 
 .note.gnu.build-id
                0x0000000000000084       0x24 linker stubs

.text           0x00000000000000a8      0xa24
 *(.text)
 .text          0x00000000000000a8       0x14 /home/rebble/.pebble-sdk/SDKs/current/sdk-core/pebble/basalt/lib/libpebble.a(tmpFRPTsFpebble.o)
 *(.text.*)
 .text.update_time
                0x00000000000000bc       0x54 src/c/Electric.c.9.o
 .text.tick_handler_min
                0x0000000000000110        0x4 src/c/Electric.c.9.o
 .text.set_lcd  0x0000000000000114       0x44 src/c/Electric.c.9.o
 .text.update_date
                0x0000000000000158       0x34 src/c/Electric.c.9.o
 .text.tick_handler_day
                0x000000000000018c        0x4 src/c/Electric.c.9.o
 .text.set_matrix
                0x0000000000000190       0xcc src/c/Electric.c.9.o
 .text.main_window_unload
                0x000000000000025c       0x78 src/c/Electric.c.9.o
 .text.main_window_load
                0x00000000000002d4      0x2b0 src/c/Electric.c.9.o
 .text.replace_char
                0x0000000000000584       0x1a src/c/Electric.c.9.o
                0x0000000000000584                replace_char
 *fill*         0x000000000000059e        0x2 
 .text.prv_inbox_received_handler
                0x00000000000005a0      0x214 src/c/Electric.c.9.o
 .text.startup.main
                0x00000000000007b4       0x90 src/c/Electric.c.9.o
                0x00000000000007b4                main
 .text.app_event_loop
                0x0000000000000844        0xc /home/rebble/.pebble-sdk/SDKs/current/sdk-core/pebble/basalt/lib/libpebble.a(tmpFRPTsFpebble.o)
                0x0000000000000844                app_event_loop
 .text.app_message_open
                0x0000000000000850        0xc /home/rebble/.pebble-sdk/SDKs/current/sdk-core/pebble/basalt/lib/libpebble.a(tmpFRPTsFpebble.o)
                0x0000000000000850                app_message_open
 .text.bitmap_layer_create
                0x000000000000085c        0xc /home/rebble/.pebble-sdk/SDKs/current/sdk-core/pebble/basalt/lib/libpebble.a(tmpFRPTsFpebble.o)
                0x000000000000085c                bitmap_layer_create
 .text.bitmap_layer_destroy
                0x0000000000000868        0xc /home/rebble/.pebble-sdk/SDKs/current/sdk-core/pebble/basalt/lib/libpebble.a(tmpFRPTsFpebble.o)
                0x0000000000000868                bitmap_layer_destroy
 .text.bitmap_layer_get_layer
                0x0000000000000874        0xc /home/rebble/.pebble-sdk/SDKs/current/sdk-core/pebble/basalt/lib/libpebble.a(tmpFRPTsFpebble.o)
                0x0000000000000874                bitmap_layer_get_layer
 .text.bitmap_layer_set_bitmap
                0x0000000000000880        0xc /home/rebble/.pebble-sdk/SDKs/current/sdk-core/pebble/basalt/lib/libpebble.a(tmpFRPTsFpebble.o)
                0x0000000000000880                bitmap_layer_set_bitmap
 .text.bitmap_layer_set_compositing_mode
                0x000000000000088c        0xc /home/rebble/.pebble-sdk/SDKs/current/sdk-core/pebble/basalt/lib/libpebble.a(tmpFRPTsFpebble.o)
                0x000000000000088c                bitmap_layer_set_compositing_mode
 .text.clock_is_24h_style
                0x0000000000000898        0xc /home/rebble/.pebble-sdk/SDKs/current/sdk-core/pebble/basalt/lib/libpebble.a(tmpFRPTsFpebble.o)
                0x0000000000000898                clock_is_24h_style
 .text.dict_find
                0x00000000000008a4        0xc /home/rebble/.pebble-sdk/SDKs/current/sdk-core/pebble/basalt/lib/libpebble.a(tmpFRPTsFpebble.o)
                0x00000000000008a4                dict_find
 .text.fonts_load_custom_font
                0x00000000000008b0        0xc /home/rebble/.pebble-sdk/SDKs/current/sdk-core/pebble/basalt/lib/libpebble.a(tmpFRPTsFpebble.o)
                0x00000000000008b0                fonts_load_custom_font
 .text.fonts_unload_custom_font
                0x00000000000008bc        0xc /home/rebble/.pebble-sdk/SDKs/current/sdk-core/pebble/basalt/lib/libpebble.a(tmpFRPTsFpebble.o)
                0x00000000000008bc                fonts_unload_custom_font
 .text.gbitmap_create_with_resource
                0x00000000000008c8        0xc /home/rebble/.pebble-sdk/SDKs/current/sdk-core/pebble/basalt/lib/libpebble.a(tmpFRPTsFpebble.o)
                0x00000000000008c8                gbitmap_create_with_resource
 .text.gbitmap_destroy
                0x00000000000008d4        0xc /home/rebble/.pebble-sdk/SDKs/current/sdk-core/pebble/basalt/lib/libpebble.a(tmpFRPTsFpebble.o)
                0x00000000000008d4                gbitmap_destroy
 .text.layer_add_child
                0x00000000000008e0        0xc /home/rebble/.pebble-sdk/SDKs/current/sdk-core/pebble/basalt/lib/libpebble.a(tmpFRPTsFpebble.o)
                0x00000000000008e0                layer_add_child
 .text.layer_get_bounds
                0x00000000000008ec        0xc /home/rebble/.pebble-sdk/SDKs/current/sdk-core/pebble/basalt/lib/libpebble.a(tmpFRPTsFpebble.o)
                0x00000000000008ec                layer_get_bounds
 .text.memset   0x00000000000008f8        0xc /home/rebble/.pebble-sdk/SDKs/current/sdk-core/pebble/basalt/lib/libpebble.a(tmpFRPTsFpebble.o)
                0x00000000000008f8                memset
 .text.persist_exists
                0x0000000000000904        0xc /home/rebble/.pebble-sdk/SDKs/current/sdk-core/pebble/basalt/lib/libpebble.a(tmpFRPTsFpebble.o)
                0x0000000000000904                persist_exists
 .text.persist_write_string
                0x0000000000000910        0xc /home/rebble/.pebble-sdk/SDKs/current/sdk-core/pebble/basalt/lib/libpebble.a(tmpFRPTsFpebble.o)
                0x0000000000000910                persist_write_string
 .text.resource_get_handle
                0x000000000000091c        0xc /home/rebble/.pebble-sdk/SDKs/current/sdk-core/pebble/basalt/lib/libpebble.a(tmpFRPTsFpebble.o)
                0x000000000000091c                resource_get_handle
 .text.snprintf
                0x0000000000000928        0xc /home/rebble/.pebble-sdk/SDKs/current/sdk-core/pebble/basalt/lib/libpebble.a(tmpFRPTsFpebble.o)
                0x0000000000000928                snprintf
 .text.strcat   0x0000000000000934        0xc /home/rebble/.pebble-sdk/SDKs/current/sdk-core/pebble/basalt/lib/libpebble.a(tmpFRPTsFpebble.o)
                0x0000000000000934                strcat
 .text.strcpy   0x0000000000000940        0xc /home/rebble/.pebble-sdk/SDKs/current/sdk-core/pebble/basalt/lib/libpebble.a(tmpFRPTsFpebble.o)
                0x0000000000000940                strcpy
 .text.strftime
                0x000000000000094c        0xc /home/rebble/.pebble-sdk/SDKs/current/sdk-core/pebble/basalt/lib/libpebble.a(tmpFRPTsFpebble.o)
                0x000000000000094c                strftime
 .text.tick_timer_service_subscribe
                0x0000000000000958        0xc /home/rebble/.pebble-sdk/SDKs/current/sdk-core/pebble/basalt/lib/libpebble.a(tmpFRPTsFpebble.o)
                0x0000000000000958                tick_timer_service_subscribe
 .text.window_create
                0x0000000000000964        0xc /home/rebble/.pebble-sdk/SDKs/current/sdk-core/pebble/basalt/lib/libpebble.a(tmpFRPTsFpebble.o)
                0x0000000000000964                window_create
 .text.window_destroy
                0x0000000000000970        0xc /home/rebble/.pebble-sdk/SDKs/current/sdk-core/pebble/basalt/lib/libpebble.a(tmpFRPTsFpebble.o)
                0x0000000000000970                window_destroy
 .text.window_get_root_layer
                0x000000000000097c        0xc /home/rebble/.pebble-sdk/SDKs/current/sdk-core/pebble/basalt/lib/libpebble.a(tmpFRPTsFpebble.o)
                0x000000000000097c                window_get_root_layer
 .text.window_set_window_handlers
                0x0000000000000988        0xc /home/rebble/.pebble-sdk/SDKs/current/sdk-core/pebble/basalt/lib/libpebble.a(tmpFRPTsFpebble.o)
                0x0000000000000988                window_set_window_handlers
 .text.window_stack_push
                0x0000000000000994        0xc /home/rebble/.pebble-sdk/SDKs/current/sdk-core/pebble/basalt/lib/libpebble.a(tmpFRPTsFpebble.o)
                0x0000000000000994                window_stack_push
 .text.app_message_register_inbox_received
                0x00000000000009a0        0xc /home/rebble/.pebble-sdk/SDKs/current/sdk-core/pebble/basalt/lib/libpebble.a(tmpFRPTsFpebble.o)
                0x00000000000009a0                app_message_register_inbox_received
 .text.persist_read_string
                0x00000000000009ac        0xc /home/rebble/.pebble-sdk/SDKs/current/sdk-core/pebble/basalt/lib/libpebble.a(tmpFRPTsFpebble.o)
                0x00000000000009ac                persist_read_string
 .text.localtime
                0x00000000000009b8        0xc /home/rebble/.pebble-sdk/SDKs/current/sdk-core/pebble/basalt/lib/libpebble.a(tmpFRPTsFpebble.o)
                0x00000000000009b8                localtime
 .text.text_layer_create
                0x00000000000009c4        0xc /home/rebble/.pebble-sdk/SDKs/current/sdk-core/pebble/basalt/lib/libpebble.a(tmpFRPTsFpebble.o)
                0x00000000000009c4                text_layer_create
 .text.text_layer_destroy
                0x00000000000009d0        0xc /home/rebble/.pebble-sdk/SDKs/current/sdk-core/pebble/basalt/lib/libpebble.a(tmpFRPTsFpebble.o)
                0x00000000000009d0                text_layer_destroy
 .text.text_layer_get_layer
                0x00000000000009dc        0xc /home/rebble/.pebble-sdk/SDKs/current/sdk-core/pebble/basalt/lib/libpebble.a(tmpFRPTsFpebble.o)
                0x00000000000009dc                text_layer_get_layer
 .text.text_layer_set_background_color
                0x00000000000009e8        0xc /home/rebble/.pebble-sdk/SDKs/current/sdk-core/pebble/basalt/lib/libpebble.a(tmpFRPTsFpebble.o)
                0x00000000000009e8                text_layer_set_background_color
 .text.text_layer_set_font
                0x00000000000009f4        0xc /home/rebble/.pebble-sdk/SDKs/current/sdk-core/pebble/basalt/lib/libpebble.a(tmpFRPTsFpebble.o)
                0x00000000000009f4                text_layer_set_font
 .text.text_layer_set_overflow_mode
                0x0000000000000a00        0xc /home/rebble/.pebble-sdk/SDKs/current/sdk-core/pebble/basalt/lib/libpebble.a(tmpFRPTsFpebble.o)
                0x0000000000000a00                text_layer_set_overflow_mode
 .text.text_layer_set_text
                0x0000000000000a0c        0xc /home/rebble/.pebble-sdk/SDKs/current/sdk-core/pebble/basalt/lib/libpebble.a(tmpFRPTsFpebble.o)
                0x0000000000000a0c                text_layer_set_text
 .text.text_layer_set_text_alignment
                0x0000000000000a18        0xc /home/rebble/.pebble-sdk/SDKs/current/sdk-core/pebble/basalt/lib/libpebble.a(tmpFRPTsFpebble.o)
                0x0000000000000a18                text_layer_set_text_alignment
 .text.text_layer_set_text_color
                0x0000000000000a24        0xc /home/rebble/.pebble-sdk/SDKs/current/sdk-core/pebble/basalt/lib/libpebble.a(tmpFRPTsFpebble.o)
                0x0000000000000a24                text_layer_set_text_color
 .text.time     0x0000000000000a30        0xc /home/rebble/.pebble-sdk/SDKs/current/sdk-core/pebble/basalt/lib/libpebble.a(tmpFRPTsFpebble.o)
                0x0000000000000a30                time
 .text.strchr   0x0000000000000a3c       0x1a /home/rebble/pebble-dev/pebble-sdk-4.6-rc2-linux64/arm-cs-tools/bin/../lib/gcc/arm-none-eabi/4.7.2/../../../../arm-none-eabi/lib/thumb2/libc.a(lib_a-strchr.o)
                0x0000000000000a3c                strchr
 *(.rodata)
 .rodata        0x0000000000000a56       0x18 src/c/Electric.c.9.o
 *(.rodata*)
 .rodata.str1.1
                0x0000000000000a6e       0x5e src/c/Electric.c.9.o
                                         0x63 (size before relaxing)

.glue_7         0x0000000000000acc        0x0
 .glue_7        0x0000000000000000        0x0 linker stubs

.glue_7t        0x0000000000000acc        0x0
 .glue_7t       0x0000000000000000        0x0 linker stubs

.vfp11_veneer   0x0000000000000acc        0x0
 .vfp11_veneer  0x0000000000000000        0x0 linker stubs

.v4_bx          0x0000000000000acc        0x0
 .v4_bx         0x0000000000000000        0x0 linker stubs

.iplt           0x0000000000000acc        0x0
 .iplt          0x0000000000000000        0x0 /home/rebble/pebble-dev/pebble-sdk-4.6-rc2-linux64/arm-cs-tools/bin/../lib/gcc/arm-none-eabi/4.7.2/thumb2/crtbegin.o

.rel.dyn        0x0000000000000acc        0x0
 .rel.iplt      0x0000000000000000        0x0 /home/rebble/pebble-dev/pebble-sdk-4.6-rc2-linux64/arm-cs-tools/bin/../lib/gcc/arm-none-eabi/4.7.2/thumb2/crtbegin.o
 .rel.got       0x0000000000000000        0x0 /home/rebble/pebble-dev/pebble-sdk-4.6-rc2-linux64/arm-cs-tools/bin/../lib/gcc/arm-none-eabi/4.7.2/thumb2/crtbegin.o

.data           0x0000000000000acc       0x28
 *(.data)
 .data          0x0000000000000acc        0x0 /home/rebble/pebble-dev/pebble-sdk-4.6-rc2-linux64/arm-cs-tools/bin/../lib/gcc/arm-none-eabi/4.7.2/thumb2/crti.o
 .data          0x0000000000000acc        0x4 /home/rebble/pebble-dev/pebble-sdk-4.6-rc2-linux64/arm-cs-tools/bin/../lib/gcc/arm-none-eabi/4.7.2/thumb2/crtbegin.o
                0x0000000000000acc                __dso_handle
 .data          0x0000000000000ad0        0x0 src/c/Electric.c.9.o
 .data          0x0000000000000ad0        0x0 basalt/appinfo.auto.c.9.o
 .data          0x0000000000000ad0        0x0 basalt/src/resource_ids.auto.c.9.o
 .data          0x0000000000000ad0        0x0 src/message_keys.auto.c.9.o
 .data          0x0000000000000ad0        0x0 /home/rebble/.pebble-sdk/SDKs/current/sdk-core/pebble/basalt/lib/libpebble.a(tmpFRPTsFpebble.o)
 .data          0x0000000000000ad0        0x0 /home/rebble/pebble-dev/pebble-sdk-4.6-rc2-linux64/arm-cs-tools/bin/../lib/gcc/arm-none-eabi/4.7.2/../../../../arm-none-eabi/lib/thumb2/libc.a(lib_a-strchr.o)
 .data          0x0000000000000ad0        0x0 /home/rebble/pebble-dev/pebble-sdk-4.6-rc2-linux64/arm-cs-tools/bin/../lib/gcc/arm-none-eabi/4.7.2/thumb2/crtend.o
 .data          0x0000000000000ad0        0x0 /home/rebble/pebble-dev/pebble-sdk-4.6-rc2-linux64/arm-cs-tools/bin/../lib/gcc/arm-none-eabi/4.7.2/thumb2/crtn.o
 *(.data.*)
 .data.MESSAGE_KEY_Row8
                0x0000000000000ad0        0x4 src/message_keys.auto.c.9.o
                0x0000000000000ad0                MESSAGE_KEY_Row8
 .data.MESSAGE_KEY_Row1
                0x0000000000000ad4        0x4 src/message_keys.auto.c.9.o
                0x0000000000000ad4                MESSAGE_KEY_Row1
 .data.MESSAGE_KEY_Row2
                0x0000000000000ad8        0x4 src/message_keys.auto.c.9.o
                0x0000000000000ad8                MESSAGE_KEY_Row2
 .data.MESSAGE_KEY_Row3
                0x0000000000000adc        0x4 src/message_keys.auto.c.9.o
                0x0000000000000adc                MESSAGE_KEY_Row3
 .data.MESSAGE_KEY_Row4
                0x0000000000000ae0        0x4 src/message_keys.auto.c.9.o
                0x0000000000000ae0                MESSAGE_KEY_Row4
 .data.MESSAGE_KEY_Row5
                0x0000000000000ae4        0x4 src/message_keys.auto.c.9.o
                0x0000000000000ae4                MESSAGE_KEY_Row5
 .data.MESSAGE_KEY_Row6
                0x0000000000000ae8        0x4 src/message_keys.auto.c.9.o
                0x0000000000000ae8                MESSAGE_KEY_Row6
 .data.MESSAGE_KEY_Row7
                0x0000000000000aec        0x4 src/message_keys.auto.c.9.o
                0x0000000000000aec                MESSAGE_KEY_Row7
 .data.MESSAGE_KEY_temp
                0x0000000000000af0        0x4 src/message_keys.auto.c.9.o
                0x0000000000000af0                MESSAGE_KEY_temp

.igot.plt       0x0000000000000af4        0x0
 .igot.plt      0x0000000000000000        0x0 /home/rebble/pebble-dev/pebble-sdk-4.6-rc2-linux64/arm-cs-tools/bin/../lib/gcc/arm-none-eabi/4.7.2/thumb2/crtbegin.o

.got            0x0000000000000af4       0x24
 .got           0x0000000000000af4       0x24 /home/rebble/pebble-dev/pebble-sdk-4.6-rc2-linux64/arm-cs-tools/bin/../lib/gcc/arm-none-eabi/4.7.2/thumb2/crtbegin.o

.got.plt        0x0000000000000b18        0xc
 .got.plt       0x0000000000000b18        0xc /home/rebble/pebble-dev/pebble-sdk-4.6-rc2-linux64/arm-cs-tools/bin/../lib/gcc/arm-none-eabi/4.7.2/thumb2/crtbegin.o
                0x0000000000000b18                _GLOBAL_OFFSET_TABLE_

.bss            0x0000000000000b24       0xb4
 *(.bss)
 *(.bss.*)
 .bss.s_lcd_font
                0x0000000000000b24        0x4 src/c/Electric.c.9.o
 .bss.s_main_window
                0x0000000000000b28        0x4 src/c/Electric.c.9.o
 .bss.s_date_buffer
                0x0000000000000b2c       0x11 src/c/Electric.c.9.o
 *fill*         0x0000000000000b3d        0x3 
 .bss.s_time_layer
                0x0000000000000b40        0x4 src/c/Electric.c.9.o
 .bss.s_matrix_buffer
                0x0000000000000b44       0x4b src/c/Electric.c.9.o
 .bss.s_lcd_buffer
                0x0000000000000b8f       0x21 src/c/Electric.c.9.o
 .bss.s_time_font
                0x0000000000000bb0        0x4 src/c/Electric.c.9.o
 .bss.s_bitmap  0x0000000000000bb4        0x4 src/c/Electric.c.9.o
 .bss.s_bitmap_layer
                0x0000000000000bb8        0x4 src/c/Electric.c.9.o
 .bss.s_matrix_font
                0x0000000000000bbc        0x4 src/c/Electric.c.9.o
 .bss.s_lcd_layer
                0x0000000000000bc0        0x4 src/c/Electric.c.9.o
 .bss.s_buffer.7588
                0x0000000000000bc4        0x8 src/c/Electric.c.9.o
 .bss.s_temperature_buffer
                0x0000000000000bcc        0x8 src/c/Electric.c.9.o
 .bss.s_matrix_layer
                0x0000000000000bd4        0x4 src/c/Electric.c.9.o

DISCARD
 libc.a(*)
 libm.a(*)
 libgcc.a(*)
 *(.eh_frame)
OUTPUT(/home/rebble/Documents/Electric/Electric/build/basalt/pebble-app.elf elf32-littlearm)

.ARM.attributes
                0x0000000000000000       0x27
 .ARM.attributes
                0x0000000000000000       0x19 /home/rebble/pebble-dev/pebble-sdk-4.6-rc2-linux64/arm-cs-tools/bin/../lib/gcc/arm-none-eabi/4.7.2/thumb2/crti.o
 .ARM.attributes
                0x0000000000000019       0x29 /home/rebble/pebble-dev/pebble-sdk-4.6-rc2-linux64/arm-cs-tools/bin/../lib/gcc/arm-none-eabi/4.7.2/thumb2/crtbegin.o
 .ARM.attributes
                0x0000000000000042       0x33 src/c/Electric.c.9.o
 .ARM.attributes
                0x0000000000000075       0x33 basalt/appinfo.auto.c.9.o
 .ARM.attributes
                0x00000000000000a8       0x33 basalt/src/resource_ids.auto.c.9.o
 .ARM.attributes
                0x00000000000000db       0x33 src/message_keys.auto.c.9.o
 .ARM.attributes
                0x000000000000010e       0x21 /home/rebble/.pebble-sdk/SDKs/current/sdk-core/pebble/basalt/lib/libpebble.a(tmpFRPTsFpebble.o)
 .ARM.attributes
                0x000000000000012f       0x29 /home/rebble/pebble-dev/pebble-sdk-4.6-rc2-linux64/arm-cs-tools/bin/../lib/gcc/arm-none-eabi/4.7.2/../../../../arm-none-eabi/lib/thumb2/libc.a(lib_a-strchr.o)
 .ARM.attributes
                0x0000000000000158       0x29 /home/rebble/pebble-dev/pebble-sdk-4.6-rc2-linux64/arm-cs-tools/bin/../lib/gcc/arm-none-eabi/4.7.2/thumb2/crtend.o
 .ARM.attributes
                0x0000000000000181       0x19 /home/rebble/pebble-dev/pebble-sdk-4.6-rc2-linux64/arm-cs-tools/bin/../lib/gcc/arm-none-eabi/4.7.2/thumb2/crtn.o

.comment        0x0000000000000000       0x4e
 .comment       0x0000000000000000       0x4e /home/rebble/pebble-dev/pebble-sdk-4.6-rc2-linux64/arm-cs-tools/bin/../lib/gcc/arm-none-eabi/4.7.2/thumb2/crtbegin.o
                                         0x4f (size before relaxing)
 .comment       0x0000000000000000       0x4f src/c/Electric.c.9.o
 .comment       0x0000000000000000       0x4f basalt/appinfo.auto.c.9.o
 .comment       0x0000000000000000       0x4f basalt/src/resource_ids.auto.c.9.o
 .comment       0x0000000000000000       0x4f src/message_keys.auto.c.9.o
 .comment       0x0000000000000000       0x4f /home/rebble/pebble-dev/pebble-sdk-4.6-rc2-linux64/arm-cs-tools/bin/../lib/gcc/arm-none-eabi/4.7.2/../../../../arm-none-eabi/lib/thumb2/libc.a(lib_a-strchr.o)
 .comment       0x0000000000000000       0x4f /home/rebble/pebble-dev/pebble-sdk-4.6-rc2-linux64/arm-cs-tools/bin/../lib/gcc/arm-none-eabi/4.7.2/thumb2/crtend.o

.debug_info     0x0000000000000000     0x221e
 .debug_info    0x0000000000000000     0x1bfe src/c/Electric.c.9.o
 .debug_info    0x0000000000001bfe      0x349 basalt/appinfo.auto.c.9.o
 .debug_info    0x0000000000001f47       0xb7 basalt/src/resource_ids.auto.c.9.o
 .debug_info    0x0000000000001ffe      0x135 src/message_keys.auto.c.9.o
 .debug_info    0x0000000000002133       0xeb /home/rebble/pebble-dev/pebble-sdk-4.6-rc2-linux64/arm-cs-tools/bin/../lib/gcc/arm-none-eabi/4.7.2/../../../../arm-none-eabi/lib/thumb2/libc.a(lib_a-strchr.o)

.debug_abbrev   0x0000000000000000      0x4fe
 .debug_abbrev  0x0000000000000000      0x353 src/c/Electric.c.9.o
 .debug_abbrev  0x0000000000000353       0x9e basalt/appinfo.auto.c.9.o
 .debug_abbrev  0x00000000000003f1       0x44 basalt/src/resource_ids.auto.c.9.o
 .debug_abbrev  0x0000000000000435       0x44 src/message_keys.auto.c.9.o
 .debug_abbrev  0x0000000000000479       0x85 /home/rebble/pebble-dev/pebble-sdk-4.6-rc2-linux64/arm-cs-tools/bin/../lib/gcc/arm-none-eabi/4.7.2/../../../../arm-none-eabi/lib/thumb2/libc.a(lib_a-strchr.o)

.debug_loc      0x0000000000000000      0x70e
 .debug_loc     0x0000000000000000      0x696 src/c/Electric.c.9.o
 .debug_loc     0x0000000000000696       0x78 /home/rebble/pebble-dev/pebble-sdk-4.6-rc2-linux64/arm-cs-tools/bin/../lib/gcc/arm-none-eabi/4.7.2/../../../../arm-none-eabi/lib/thumb2/libc.a(lib_a-strchr.o)

.debug_aranges  0x0000000000000000       0xd8
 .debug_aranges
                0x0000000000000000       0x70 src/c/Electric.c.9.o
 .debug_aranges
                0x0000000000000070       0x18 basalt/appinfo.auto.c.9.o
 .debug_aranges
                0x0000000000000088       0x18 basalt/src/resource_ids.auto.c.9.o
 .debug_aranges
                0x00000000000000a0       0x18 src/message_keys.auto.c.9.o
 .debug_aranges
                0x00000000000000b8       0x20 /home/rebble/pebble-dev/pebble-sdk-4.6-rc2-linux64/arm-cs-tools/bin/../lib/gcc/arm-none-eabi/4.7.2/../../../../arm-none-eabi/lib/thumb2/libc.a(lib_a-strchr.o)

.debug_ranges   0x0000000000000000       0x70
 .debug_ranges  0x0000000000000000       0x60 src/c/Electric.c.9.o
 .debug_ranges  0x0000000000000060       0x10 /home/rebble/pebble-dev/pebble-sdk-4.6-rc2-linux64/arm-cs-tools/bin/../lib/gcc/arm-none-eabi/4.7.2/../../../../arm-none-eabi/lib/thumb2/libc.a(lib_a-strchr.o)

.debug_line     0x0000000000000000      0x864
 .debug_line    0x0000000000000000      0x4d3 src/c/Electric.c.9.o
 .debug_line    0x00000000000004d3      0x125 basalt/appinfo.auto.c.9.o
 .debug_line    0x00000000000005f8       0xd0 basalt/src/resource_ids.auto.c.9.o
 .debug_line    0x00000000000006c8       0xc9 src/message_keys.auto.c.9.o
 .debug_line    0x0000000000000791       0xd3 /home/rebble/pebble-dev/pebble-sdk-4.6-rc2-linux64/arm-cs-tools/bin/../lib/gcc/arm-none-eabi/4.7.2/../../../../arm-none-eabi/lib/thumb2/libc.a(lib_a-strchr.o)

.debug_str      0x0000000000000000     0x1024
 .debug_str     0x0000000000000000      0xbc1 src/c/Electric.c.9.o
                                        0xc6e (size before relaxing)
 .debug_str     0x0000000000000bc1      0x2f9 basalt/appinfo.auto.c.9.o
                                        0x3e0 (size before relaxing)
 .debug_str     0x0000000000000eba       0x8c basalt/src/resource_ids.auto.c.9.o
                                        0x154 (size before relaxing)
 .debug_str     0x0000000000000f46       0x45 src/message_keys.auto.c.9.o
                                        0x1a6 (size before relaxing)
 .debug_str     0x0000000000000f8b       0x99 /home/rebble/pebble-dev/pebble-sdk-4.6-rc2-linux64/arm-cs-tools/bin/../lib/gcc/arm-none-eabi/4.7.2/../../../../arm-none-eabi/lib/thumb2/libc.a(lib_a-strchr.o)
                                        0x13e (size before relaxing)

.debug_frame    0x0000000000000000      0x17c
 .debug_frame   0x0000000000000000      0x15c src/c/Electric.c.9.o
 .debug_frame   0x000000000000015c       0x20 /home/rebble/pebble-dev/pebble-sdk-4.6-rc2-linux64/arm-cs-tools/bin/../lib/gcc/arm-none-eabi/4.7.2/../../../../arm-none-eabi/lib/thumb2/libc.a(lib_a-strchr.o)
